[www.spellingoefenen.nl/index.html]
[backblue.gif]
[fade.gif]
[index.html]
[www.spellingoefenen.nl/images/icons/favicon.png]
[www.spellingoefenen.nl/images/icons/icon114.jpg]
[www.spellingoefenen.nl/images/icons/icon57.jpg]
[js.spellingoefenen.nl/spellingoefenen/javascript/global.js]
[tags.refinery89.com/spellingoefenennl.js]
[afbeeldingen.spellingoefenen.nl/networkmenu/1.png]
[afbeeldingen.spellingoefenen.nl/networkmenu/2.png]
[afbeeldingen.spellingoefenen.nl/networkmenu/3.png]
[afbeeldingen.spellingoefenen.nl/networkmenu/4.png]
[www.spellingoefenen.nl/oefenen.html]
[www.spellingoefenen.nl/dictee.html]
[www.spellingoefenen.nl/werkwoorden-oefenen.html]
[www.spellingoefenen.nl/spelletjes.html]
[www.spellingoefenen.nl/taken0c91.html]
[www.spellingoefenen.nl/docenten.html]
[afbeeldingen.spellingoefenen.nl/spelling_oefenen/layout/games/oefenen.png]
[afbeeldingen.spellingoefenen.nl/spelling_oefenen/layout/games/dictee.png]
[afbeeldingen.spellingoefenen.nl/spelling_oefenen/layout/games/werkwoorden.png]
[afbeeldingen.spellingoefenen.nl/spelling_oefenen/layout/games/spelletjespelen.png]
[www.spellingoefenen.nl/contact.html]
[www.spellingoefenen.nl/gardenrace.html]
[afbeeldingen.spellingoefenen.nl/spelling_oefenen/layout/games/garden_race.png]
[www.spellingoefenen.nl/explorer.html]
[afbeeldingen.spellingoefenen.nl/spelling_oefenen/layout/games/explorer.png]
[www.spellingoefenen.nl/superpablo.html]
[afbeeldingen.spellingoefenen.nl/spelling_oefenen/layout/games/superpablo.png]
[www.spellingoefenen.nl/speedchaser.html]
[afbeeldingen.spellingoefenen.nl/spelling_oefenen/layout/games/speedchaser.png]
[www.spellingoefenen.nl/pacman.html]
[afbeeldingen.spellingoefenen.nl/spelling_oefenen/layout/games/pacman.png]
[www.spellingoefenen.nl/pinguins.html]
[afbeeldingen.spellingoefenen.nl/spelling_oefenen/layout/games/pinguins.png]
[www.spellingoefenen.nl/aladdin.html]
[afbeeldingen.spellingoefenen.nl/spelling_oefenen/layout/games/aladdin.png]
[www.spellingoefenen.nl/riddergalgriel.html]
[afbeeldingen.spellingoefenen.nl/spelling_oefenen/layout/games/riddergalgriel.png]
[www.spellingoefenen.nl/ruzzle.html]
[afbeeldingen.spellingoefenen.nl/spelling_oefenen/layout/games/ruzzle.png]
[www.spellingoefenen.nl/spiders.html]
[afbeeldingen.spellingoefenen.nl/spelling_oefenen/layout/games/spiders.png]
[www.spellingoefenen.nl/shootdown.html]
[afbeeldingen.spellingoefenen.nl/spelling_oefenen/layout/games/shoot_down.png]
[www.spellingoefenen.nl/balloonshoot.html]
[afbeeldingen.spellingoefenen.nl/spelling_oefenen/layout/games/balloonshoot.png]
[www.spellingoefenen.nl/snake.html]
[afbeeldingen.spellingoefenen.nl/spelling_oefenen/layout/games/snake.png]
[www.spellingoefenen.nl/flappybird.html]
[afbeeldingen.spellingoefenen.nl/spelling_oefenen/layout/games/flappy.png]
[www.spellingoefenen.nl/frog.html]
[afbeeldingen.spellingoefenen.nl/spelling_oefenen/layout/games/frog.png]
[www.spellingoefenen.nl/sharkattack.html]
[afbeeldingen.spellingoefenen.nl/spelling_oefenen/layout/games/sharkattack.png]
[www.spellingoefenen.nl/privacy.html]
[www.spellingoefenen.nl/blog/index.html]
[www.spellingoefenen.nl/images/layout/logoBelgie.png]
[www.spellingoefenen.nl/index.html]
[www.googletagmanager.com/gtm5445.html]
[afbeeldingen.spellingoefenen.nl/layoutimages/spellingoefenen/icons/vinkje.png]
[afbeeldingen.spellingoefenen.nl/layoutimages/spellingoefenen/layout/logo.png]
[afbeeldingen.spellingoefenen.nl/layoutimages/spellingoefenen/layout/leader.jpg]
[afbeeldingen.spellingoefenen.nl/layoutimages/spellingoefenen/layout/leaderzzz.png]
[afbeeldingen.spellingoefenen.nl/layoutimages/spellingoefenen/content/gamedesign.png]
[afbeeldingen.spellingoefenen.nl/layoutimages/spellingoefenen/layout/bg_dark.png]
[afbeeldingen.spellingoefenen.nl/layoutimages/spellingoefenen/layout/bg_light.png]
[afbeeldingen.spellingoefenen.nl/layoutimages/spellingoefenen/layout/button.png]
[afbeeldingen.spellingoefenen.nl/layoutimages/spellingoefenen/layout/button3.png]
[afbeeldingen.spellingoefenen.nl/layoutimages/spellingoefenen/layout/button_alt.png]
[afbeeldingen.spellingoefenen.nl/layoutimages/spellingoefenen/layout/button_alt3.png]
[afbeeldingen.spellingoefenen.nl/layoutimages/spellingoefenen/layout/button2.png]
[afbeeldingen.spellingoefenen.nl/layoutimages/spellingoefenen/layout/button_alt2.png]
[afbeeldingen.spellingoefenen.nl/networkmenu/1_selected.png]
[js.spellingoefenen.nl/spellingoefenen/styles/layout.css]
[afbeeldingen.spellingoefenen.nl/spelling_oefenen/layout/layout/logo_smart.png]
[afbeeldingen.spellingoefenen.nl/spelling_oefenen/global/wl/wl_start_button.png]
[afbeeldingen.spellingoefenen.nl/spelling_oefenen/global/wl/wl_start_button2.png]
[js.spellingoefenen.nl/spellingoefenen/styles/layout_responsive.css]
[www.spellingoefenen.nl/Edge/index.html]
[www.spellingoefenen.nl/games/oefenen/index813a.html]
[afbeeldingen.spellingoefenen.nl/layoutimages/spellingoefenen/games/superpablo.png]
[afbeeldingen.spellingoefenen.nl/layoutimages/spellingoefenen/games/speedchaser.png]
[afbeeldingen.spellingoefenen.nl/layoutimages/spellingoefenen/games/pacman.png]
[afbeeldingen.spellingoefenen.nl/layoutimages/spellingoefenen/games/pinguins.png]
[afbeeldingen.spellingoefenen.nl/layoutimages/spellingoefenen/games/aladdin.png]
[afbeeldingen.spellingoefenen.nl/layoutimages/spellingoefenen/games/ruzzle.png]
[afbeeldingen.spellingoefenen.nl/layoutimages/spellingoefenen/games/riddergalgriel.png]
[afbeeldingen.spellingoefenen.nl/layoutimages/spellingoefenen/games/flappy.png]
[afbeeldingen.spellingoefenen.nl/layoutimages/spellingoefenen/games/snake.png]
[afbeeldingen.spellingoefenen.nl/layoutimages/spellingoefenen/games/shoot_down.png]
[afbeeldingen.spellingoefenen.nl/layoutimages/spellingoefenen/games/spiders.png]
[afbeeldingen.spellingoefenen.nl/layoutimages/spellingoefenen/games/frog.png]
[afbeeldingen.spellingoefenen.nl/layoutimages/spellingoefenen/games/sharkattack.png]
[afbeeldingen.spellingoefenen.nl/layoutimages/spellingoefenen/games/balloonshoot.png]
[www.spellingoefenen.nl/oefenen.html]
[www.spellingoefenen.nl/games/oefenen/indexbad8.html]
[www.spellingoefenen.nl/dictee.html]
[www.spellingoefenen.nl/games/werkwoorden/index813a.html]
[www.spellingoefenen.nl/werkwoorden-oefenen.html]
[www.spellingoefenen.nl/spelletjes.html]
[afbeeldingen.spellingoefenen.nl/spelling_oefenen/layout/icons/icon114.jpg]
[ajax.googleapis.com/ajax/libs/jquery/1.8.3/jquery.min.js]
[js.spellingoefenen.nl/spellingoefenen/games/lijn3.js]
[js.spellingoefenen.nl/spellingoefenen/games/veiliglerenlezen.js]
[js.spellingoefenen.nl/spellingoefenen/games/taalactief3.js]
[js.spellingoefenen.nl/spellingoefenen/games/taalactief4.js]
[js.spellingoefenen.nl/spellingoefenen/games/taaljournaal.js]
[js.spellingoefenen.nl/spellingoefenen/games/taalopmaat.js]
[js.spellingoefenen.nl/spellingoefenen/games/taalverhaal.js]
[js.spellingoefenen.nl/spellingoefenen/games/staal.js]
[js.spellingoefenen.nl/spellingoefenen/games/spellinginbeeld.js]
[js.spellingoefenen.nl/spellingoefenen/games/spellinginbeeld2.js]
[js.spellingoefenen.nl/spellingoefenen/games/taalfontein.js]
[js.spellingoefenen.nl/spellingoefenen/games/tijdvoortaal.js]
[js.spellingoefenen.nl/spellingoefenen/games/taalverhaalnu.js]
[js.spellingoefenen.nl/spellingoefenen/games/allesineen.js]
[js.spellingoefenen.nl/spellingoefenen/games/CAT.js]
[js.spellingoefenen.nl/spellingoefenen/games/woordenlijsten.js]
[www.spellingoefenen.nl/taken.html]
[www.spellingoefenen.nl/docenten4d8f.html]
[www.spellingoefenen.nl/taken0c91.html]
[www.spellingoefenen.nl/taken_ajax.html]
[www.spellingoefenen.nl/games/werkwoorden/game_comm.html]
[www.spellingoefenen.nl/includes/ajax.html]
[www.spellingoefenen.nl/docenten7fba.html]
[www.spellingoefenen.nl/images/role_imgdocent1.png]
[www.spellingoefenen.nl/images/role_imgdocent2.png]
[www.spellingoefenen.nl/images/role_imgdocent3.png]
[www.spellingoefenen.nl/docenten.html]
[www.spellingoefenen.nl/styles/layout.css]
[www.spellingoefenen.nl/styles/layout_responsive.css]
[www.spellingoefenen.nl/javascript/global.js]
[www.spellingoefenen.nl/javascript/jquery.mobile.customized.min.js]
[www.spellingoefenen.nl/javascript/jquery.easing.1.3.js]
[www.spellingoefenen.nl/includes/password_img13b9.png]
[www.spellingoefenen.nl/contact.html]
[securepubads.g.doubleclick.net/tag/js/f.txt]
[www.spellingoefenen.nl/gardenrace.html]
[www.spellingoefenen.nl/games/garden_race/index.html]
[www.spellingoefenen.nl/explorer.html]
[www.spellingoefenen.nl/games/explorer/index.html]
[www.spellingoefenen.nl/superpablo.html]
[www.spellingoefenen.nl/speedchaser.html]
[www.spellingoefenen.nl/games/speedchaser/index.html]
[www.spellingoefenen.nl/pacman.html]
[www.spellingoefenen.nl/games/pacman2/index.html]
[www.spellingoefenen.nl/pinguins.html]
[www.spellingoefenen.nl/games/penguins/index.html]
[www.spellingoefenen.nl/aladdin.html]
[www.spellingoefenen.nl/games/aladdin/index.html]
[www.spellingoefenen.nl/riddergalgriel.html]
[www.spellingoefenen.nl/games/ridder_galgriel/index.html]
[www.spellingoefenen.nl/ruzzle.html]
[www.spellingoefenen.nl/games/ruzzle/index.html]
[www.spellingoefenen.nl/spiders.html]
[www.spellingoefenen.nl/games/spiders/index.html]
[www.spellingoefenen.nl/shootdown.html]
[www.spellingoefenen.nl/games/shoot_down/index.html]
[www.spellingoefenen.nl/balloonshoot.html]
[www.spellingoefenen.nl/games/balloonshoot/index.html]
[www.spellingoefenen.nl/snake.html]
[www.spellingoefenen.nl/games/snake/index.html]
[www.spellingoefenen.nl/flappybird.html]
[www.spellingoefenen.nl/games/FlappyBird/index.html]
[www.spellingoefenen.nl/frog.html]
[cookie-script.com/s/705ec5686494186fa5e08333323e3c93.js]
[www.spellingoefenen.nl/games/frog/index.html]
[www.spellingoefenen.nl/sharkattack.html]
[www.spellingoefenen.nl/games/SharkAttack/index.html]
[www.spellingoefenen.nl/images/icons/poster.jpg]
[www.spellingoefenen.nl/privacy.html]
[www.google-analytics.com/analytics.js]
[www.spellingoefenen.nl/blog/2024/hoeeenbetereuitspraak.html]
[www.spellingoefenen.nl/blog/images/betereuitspraak.jpg]
[www.spellingoefenen.nl/blog/2024/tipsomjekinddofdtteleren.html]
[www.spellingoefenen.nl/blog/images/tipsomjekind.jpg]
[www.spellingoefenen.nl/blog/2024/verkeersregels.html]
[www.spellingoefenen.nl/blog/images/verkeersregels.jpg]
[www.spellingoefenen.nl/blog/2024/mbo.html]
[www.spellingoefenen.nl/blog/images/mbo.jpg]
[www.spellingoefenen.nl/blog/2024/telefoonabonnement.html]
[www.spellingoefenen.nl/blog/images/telefoon.jpg]
[www.spellingoefenen.nl/blog/2023/tips_dictee.html]
[www.spellingoefenen.nl/blog/images/dictee.jpg]
[www.spellingoefenen.nl/blog/2023/woordenschatvergroten.html]
[www.spellingoefenen.nl/blog/images/woordenschat.jpg]
[www.spellingoefenen.nl/blog/2023/voorlezen.html]
[www.spellingoefenen.nl/blog/images/voorlezen.jpg]
[www.spellingoefenen.nl/blog/2023/persoonlijke_aandacht.html]
[www.spellingoefenen.nl/blog/images/particulier.jpg]
[www.spellingoefenen.nl/blog/2023/jas.html]
[www.spellingoefenen.nl/blog/images/jas.jpg]
[www.spellingoefenen.nl/blog/2023/autotheorie.html]
[www.spellingoefenen.nl/blog/images/autotheorie.jpg]
[www.spellingoefenen.nl/blog/2023/grammatica-tools.html]
[www.spellingoefenen.nl/blog/images/money.jpg]
[www.spellingoefenen.nl/blog/2023/onlinespellingoefenen.html]
[www.spellingoefenen.nl/blog/images/onlinespelling.jpg]
[www.spellingoefenen.nl/blog/2023/pacmanspelling.html]
[www.spellingoefenen.nl/blog/images/pacman.jpg]
[www.spellingoefenen.nl/blog/2023/spellingoefenenindeauto.html]
[www.spellingoefenen.nl/blog/images/spellingauto.jpg]
[www.spellingoefenen.nl/blog/index.html]
[afbeeldingen.spellingoefenen.nl/layoutimages/spellingoefenen/icons/vinkje.html]
[js.spellingoefenen.nl/spellingoefenen/games/global/javascript/jquery.min.js]
[js.spellingoefenen.nl/spellingoefenen/games/oefenen/javascript/stats.js]
[js.spellingoefenen.nl/spellingoefenen/games/oefenen/javascript/game_global.js]
[js.spellingoefenen.nl/spellingoefenen/games/oefenen/javascript/game.js]
[js.spellingoefenen.nl/spellingoefenen/games/oefenen/javascript/game_ani.js]
[js.spellingoefenen.nl/spellingoefenen/games/oefenen/javascript/game_init.js]
[afbeeldingen.spellingoefenen.nl/spelling_oefenen/global/ui/button_play.png]
[afbeeldingen.spellingoefenen.nl/spelling_oefenen/global/ui/gamedesign.png]
[afbeeldingen.spellingoefenen.nl/spelling_oefenen/global/ui/scroll_phone.gif]
[www.spellingoefenen.nl/games/oefenen/index813a.html]
[www.spellingoefenen.nl/games/oefenen/indexbad8.html]
[afbeeldingen.spellingoefenen.nl/spelling_oefenen/global/ui/scroll_phone_peace.gif]
[afbeeldingen.spellingoefenen.nl/spelling_oefenen/werkwoorden/images/favicon.png]
[afbeeldingen.spellingoefenen.nl/spelling_oefenen/global/poster.jpg]
[afbeeldingen.spellingoefenen.nl/spelling_oefenen/werkwoorden/images/bg_excess.jpg]
[js.spellingoefenen.nl/spellingoefenen/games/CurseWords.js]
[js.spellingoefenen.nl/spellingoefenen/games/global/javascript/stats.js]
[js.spellingoefenen.nl/spellingoefenen/games/global/javascript/game_global.js]
[js.spellingoefenen.nl/spellingoefenen/games/werkwoorden/javascript/game.js]
[js.spellingoefenen.nl/spellingoefenen/games/werkwoorden/javascript/game_ani.js]
[js.spellingoefenen.nl/spellingoefenen/games/werkwoorden/javascript/game_init.js]
[www.spellingoefenen.nl/games/global/images/ui/share_facebook.png]
[www.spellingoefenen.nl/games/global/images/ui/share_twitter.png]
[www.spellingoefenen.nl/games/global/images/ui/share_pinterest.png]
[www.spellingoefenen.nl/games/global/images/ui/share_tumblr.png]
[www.spellingoefenen.nl/games/global/images/ui/share_addthis.png]
[www.spellingoefenen.nl/games/werkwoorden/index813a.html]
[afbeeldingen.spellingoefenen.nl/spelling_oefenen/layout/layout/leader.jpg]
[afbeeldingen.spellingoefenen.nl/spelling_oefenen/layout/layout/bg_dark.png]
[afbeeldingen.spellingoefenen.nl/spelling_oefenen/layout/banner_bg.png]
[afbeeldingen.spellingoefenen.nl/spelling_oefenen/layout/docenten/form_x.png]
[afbeeldingen.spellingoefenen.nl/spelling_oefenen/layout/docenten/form_x_hover.png]
[afbeeldingen.spellingoefenen.nl/spelling_oefenen/layout/docenten/form_up.png]
[afbeeldingen.spellingoefenen.nl/spelling_oefenen/layout/docenten/form_up_hover.png]
[afbeeldingen.spellingoefenen.nl/spelling_oefenen/layout/docenten/form_down.png]
[afbeeldingen.spellingoefenen.nl/spelling_oefenen/layout/docenten/form_down_hover.png]
[afbeeldingen.spellingoefenen.nl/spelling_oefenen/layout/docenten/progress_fg.png]
[afbeeldingen.spellingoefenen.nl/spelling_oefenen/layout/docenten/progress_bg_goed.png]
[afbeeldingen.spellingoefenen.nl/spelling_oefenen/layout/docenten/progress_bg_fout.png]
[afbeeldingen.spellingoefenen.nl/spelling_oefenen/layout/docenten/taak_leeg.png]
[afbeeldingen.spellingoefenen.nl/spelling_oefenen/layout/docenten/taak_vink.png]
[afbeeldingen.spellingoefenen.nl/spelling_oefenen/layout/docenten/taak_fout.png]
[afbeeldingen.spellingoefenen.nl/spelling_oefenen/layout/layout/bg_darker.png]
[js.spellingoefenen.nl/spellingoefenen/styles/layout_docenten.css]
[afbeeldingen.spellingoefenen.nl/spelling_oefenen/layout/icons/delete.png]
[afbeeldingen.spellingoefenen.nl/spelling_oefenen/global/wl/wl_groep_button.png]
[afbeeldingen.spellingoefenen.nl/spelling_oefenen/global/wl/wl_groep_button_selected.png]
[afbeeldingen.spellingoefenen.nl/spelling_oefenen/global/wl/wl_button.png]
[afbeeldingen.spellingoefenen.nl/spelling_oefenen/global/wl/wl_button_selected.png]
[afbeeldingen.spellingoefenen.nl/spelling_oefenen/global/wl/wl_start_button.gif]
[js.spellingoefenen.nl/spellingoefenen/games/styles/wl.css]
[www.spellingoefenen.nl/taken.html]
[www.spellingoefenen.nl/includes/password_imgd8b2.png]
[www.spellingoefenen.nl/docenten4d8f.html]
[www.spellingoefenen.nl/taken_ajax.html]
[www.spellingoefenen.nl/games/werkwoorden/game_comm.html]
[www.spellingoefenen.nl/includes/ajax.html]
[www.spellingoefenen.nl/games/werkwoorden/images/bg_1_docentendeel.html]
[www.spellingoefenen.nl/includes/password_img86ca.png]
[www.spellingoefenen.nl/docenten7fba.html]
[www.spellingoefenen.nl/styles/layout.css]
[www.spellingoefenen.nl/styles/layout_responsive.css]
[www.spellingoefenen.nl/games/garden_race/images/favicon.png]
[www.spellingoefenen.nl/games/garden_race/images/bg_excess.jpg]
[www.spellingoefenen.nl/games/garden_race/global/global/javascript/jquery.min.js]
[js.spellingoefenen.nl/spellingoefenen/games/garden_race/javascript/game_global.js]
[js.spellingoefenen.nl/spellingoefenen/games/garden_race/javascript/game.js]
[js.spellingoefenen.nl/spellingoefenen/games/garden_race/javascript/game_ani.js]
[js.spellingoefenen.nl/spellingoefenen/games/garden_race/javascript/game_init.js]
[www.spellingoefenen.nl/games/garden_race/images/logo.png]
[static.addtoany.com/menu/page.js]
[www.spellingoefenen.nl/games/garden_race/global/global/ui/scroll_phone.gif]
[www.spellingoefenen.nl/games/garden_race/global/global/ui/scroll_phone_peace.gif]
[www.spellingoefenen.nl/games/garden_race/index.html]
[afbeeldingen.spellingoefenen.nl/spelling_oefenen/explorer/images/favicon.png]
[afbeeldingen.spellingoefenen.nl/spelling_oefenen/explorer/images/bg_excess.jpg]
[js.spellingoefenen.nl/spellingoefenen/games/explorer/javascript/game_global.js]
[js.spellingoefenen.nl/spellingoefenen/games/explorer/javascript/game.js]
[js.spellingoefenen.nl/spellingoefenen/games/explorer/javascript/game_ani.js]
[js.spellingoefenen.nl/spellingoefenen/games/explorer/javascript/game_defense.js]
[js.spellingoefenen.nl/spellingoefenen/games/explorer/javascript/game_init.js]
[afbeeldingen.spellingoefenen.nl/spelling_oefenen/explorer/images/logo.png]
[www.spellingoefenen.nl/games/explorer/index.html]
[afbeeldingen.spellingoefenen.nl/spelling_oefenen/speedchaser/images/favicon.png]
[www.spellingoefenen.nl/games/platformgame/index.html]
[afbeeldingen.spellingoefenen.nl/spelling_oefenen/speedchaser/images/poster.jpg]
[afbeeldingen.spellingoefenen.nl/spelling_oefenen/speedchaser/images/bg_excess.jpg]
[js.spellingoefenen.nl/spellingoefenen/games/speedchaser/javascript/game.js]
[js.spellingoefenen.nl/spellingoefenen/games/speedchaser/javascript/game_ani.js]
[js.spellingoefenen.nl/spellingoefenen/games/speedchaser/javascript/game_init.js]
[afbeeldingen.spellingoefenen.nl/spelling_oefenen/speedchaser/images/logo.png]
[www.spellingoefenen.nl/games/speedchaser/index.html]
[afbeeldingen.spellingoefenen.nl/spelling_oefenen/pacman/images/favicon.png]
[afbeeldingen.spellingoefenen.nl/spelling_oefenen/pacman/images/bg_excess.jpg]
[js.spellingoefenen.nl/spellingoefenen/games/pacman2/javascript/game.js]
[js.spellingoefenen.nl/spellingoefenen/games/pacman2/javascript/game_ani.js]
[js.spellingoefenen.nl/spellingoefenen/games/pacman2/javascript/game_init.js]
[js.spellingoefenen.nl/spellingoefenen/games/pacman2/javascript/game_pacman.js]
[afbeeldingen.spellingoefenen.nl/spelling_oefenen/pacman/images/logo.png]
[www.spellingoefenen.nl/games/pacman2/index.html]
[afbeeldingen.spellingoefenen.nl/spelling_oefenen/penguins/images/bg_excess.jpg]
[js.spellingoefenen.nl/spellingoefenen/games/penguins/javascript/game.js]
[js.spellingoefenen.nl/spellingoefenen/games/penguins/javascript/game_ani.js]
[js.spellingoefenen.nl/spellingoefenen/games/penguins/javascript/game_init.js]
[afbeeldingen.spellingoefenen.nl/spelling_oefenen/penguins/images/logo.png]
[www.spellingoefenen.nl/games/penguins/index.html]
[afbeeldingen.spellingoefenen.nl/spelling_oefenen/aladdin/images/favicon.png]
[afbeeldingen.spellingoefenen.nl/spelling_oefenen/aladdin/images/bg_excess.jpg]
[js.spellingoefenen.nl/spellingoefenen/games/aladdin/javascript/game.js]
[js.spellingoefenen.nl/spellingoefenen/games/aladdin/javascript/game_ani.js]
[js.spellingoefenen.nl/spellingoefenen/games/aladdin/javascript/game_shoppinglist.js]
[js.spellingoefenen.nl/spellingoefenen/games/aladdin/javascript/game_init.js]
[afbeeldingen.spellingoefenen.nl/spelling_oefenen/aladdin/images/logo.png]
[www.spellingoefenen.nl/games/aladdin/index.html]
[afbeeldingen.spellingoefenen.nl/spelling_oefenen/riddergalgriel/images/favicon.png]
[www.spellingoefenen.nl/games/global/images/poster.jpg]
[afbeeldingen.spellingoefenen.nl/spelling_oefenen/riddergalgriel/images/bg_excess.jpg]
[js.spellingoefenen.nl/spellingoefenen/games/ridder_galgriel/javascript/game.js]
[js.spellingoefenen.nl/spellingoefenen/games/ridder_galgriel/javascript/game_hangman.js]
[js.spellingoefenen.nl/spellingoefenen/games/ridder_galgriel/javascript/game_ani.js]
[js.spellingoefenen.nl/spellingoefenen/games/ridder_galgriel/javascript/game_init.js]
[afbeeldingen.spellingoefenen.nl/spelling_oefenen/riddergalgriel/images/logo.png]
[www.spellingoefenen.nl/games/ridder_galgriel/index.html]
[afbeeldingen.spellingoefenen.nl/spelling_oefenen/ruzzle/images/favicon.png]
[js.spellingoefenen.nl/spellingoefenen/games/game_global.js]
[js.spellingoefenen.nl/spellingoefenen/games/game_global_extended.js]
[js.spellingoefenen.nl/spellingoefenen/games/ruzzle/javascript/game.js]
[js.spellingoefenen.nl/spellingoefenen/games/ruzzle/javascript/game_ani.js]
[js.spellingoefenen.nl/spellingoefenen/games/ruzzle/javascript/game_wordsearch.js]
[js.spellingoefenen.nl/spellingoefenen/games/ruzzle/javascript/game_init.js]
[afbeeldingen.spellingoefenen.nl/spelling_oefenen/ruzzle/images/logo.png]
[afbeeldingen.spellingoefenen.nl/spelling_oefenen/ruzzle/images/button_play.png]
[afbeeldingen.spellingoefenen.nl/spelling_oefenen/ruzzle/images/gamedesign.png]
[www.spellingoefenen.nl/games/ruzzle/index.html]
[js.spellingoefenen.nl/spellingoefenen/games/spiders/javascript/game.js]
[js.spellingoefenen.nl/spellingoefenen/games/spiders/javascript/game_ani.js]
[js.spellingoefenen.nl/spellingoefenen/games/spiders/javascript/game_init.js]
[www.spellingoefenen.nl/games/spiders/index.html]
[afbeeldingen.spellingoefenen.nl/spelling_oefenen/shootdown/images/favicon.png]
[js.spellingoefenen.nl/spellingoefenen/games/shoot_down/javascript/game.js]
[js.spellingoefenen.nl/spellingoefenen/games/shoot_down/javascript/game_ani.js]
[js.spellingoefenen.nl/spellingoefenen/games/shoot_down/javascript/game_init.js]
[afbeeldingen.spellingoefenen.nl/spelling_oefenen/shootdown/images/logo.png]
[afbeeldingen.spellingoefenen.nl/spelling_oefenen/shootdown/images/button_play.png]
[afbeeldingen.spellingoefenen.nl/spelling_oefenen/shootdown/images/gamedesign.png]
[www.spellingoefenen.nl/games/shoot_down/index.html]
[js.spellingoefenen.nl/spellingoefenen/games/balloonshoot/javascript/game.js]
[js.spellingoefenen.nl/spellingoefenen/games/balloonshoot/javascript/game_ani.js]
[js.spellingoefenen.nl/spellingoefenen/games/balloonshoot/javascript/game_init.js]
[afbeeldingen.spellingoefenen.nl/spelling_oefenen/balloonshoot/images/logo.png]
[afbeeldingen.spellingoefenen.nl/spelling_oefenen/balloonshoot/images/button_play.png]
[afbeeldingen.spellingoefenen.nl/spelling_oefenen/balloonshoot/images/gamedesign.png]
[www.spellingoefenen.nl/games/balloonshoot/index.html]
[afbeeldingen.spellingoefenen.nl/spelling_oefenen/snake/images/favicon.png]
[afbeeldingen.spellingoefenen.nl/spelling_oefenen/snake/images/bg.jpg]
[js.spellingoefenen.nl/spellingoefenen/games/snake/javascript/game.js]
[js.spellingoefenen.nl/spellingoefenen/games/snake/javascript/game_ani.js]
[js.spellingoefenen.nl/spellingoefenen/games/snake/javascript/game_init.js]
[afbeeldingen.spellingoefenen.nl/spelling_oefenen/snake/images/logo.png]
[afbeeldingen.spellingoefenen.nl/spelling_oefenen/snake/images/button_play.png]
[afbeeldingen.spellingoefenen.nl/spelling_oefenen/snake/images/gamedesign.png]
[www.spellingoefenen.nl/games/snake/index.html]
[afbeeldingen.spellingoefenen.nl/spelling_oefenen/flappybird/images/favicon.png]
[js.spellingoefenen.nl/spellingoefenen/games/FlappyBird/javascript/game.js]
[js.spellingoefenen.nl/spellingoefenen/games/FlappyBird/javascript/game_ani.js]
[js.spellingoefenen.nl/spellingoefenen/games/FlappyBird/javascript/game_init.js]
[afbeeldingen.spellingoefenen.nl/spelling_oefenen/flappybird/images/logo.png]
[afbeeldingen.spellingoefenen.nl/spelling_oefenen/flappybird/images/button_play.png]
[afbeeldingen.spellingoefenen.nl/spelling_oefenen/flappybird/images/gamedesign.png]
[www.spellingoefenen.nl/games/FlappyBird/index.html]
[afbeeldingen.spellingoefenen.nl/spelling_oefenen/frog/images/favicon.png]
[js.spellingoefenen.nl/spellingoefenen/games/frog/javascript/game.js]
[js.spellingoefenen.nl/spellingoefenen/games/frog/javascript/game_ani.js]
[js.spellingoefenen.nl/spellingoefenen/games/frog/javascript/game_init.js]
[afbeeldingen.spellingoefenen.nl/spelling_oefenen/frog/images/logo.png]
[afbeeldingen.spellingoefenen.nl/spelling_oefenen/frog/images/button_play.png]
[afbeeldingen.spellingoefenen.nl/spelling_oefenen/frog/images/gamedesign.png]
[www.spellingoefenen.nl/games/frog/index.html]
[afbeeldingen.spellingoefenen.nl/spelling_oefenen/sharkattack/images/favicon.png]
[js.spellingoefenen.nl/spellingoefenen/games/SharkAttack/javascript/game.js]
[js.spellingoefenen.nl/spellingoefenen/games/SharkAttack/javascript/game_ani.js]
[js.spellingoefenen.nl/spellingoefenen/games/SharkAttack/javascript/game_init.js]
[afbeeldingen.spellingoefenen.nl/spelling_oefenen/sharkattack/images/logo.png]
[afbeeldingen.spellingoefenen.nl/spelling_oefenen/sharkattack/images/button_play.png]
[afbeeldingen.spellingoefenen.nl/spelling_oefenen/sharkattack/images/gamedesign.png]
[www.spellingoefenen.nl/games/SharkAttack/index.html]
[www.spellingoefenen.nl/blog/2024/hoeeenbetereuitspraak.html]
[www.spellingoefenen.nl/blog/2024/tipsomjekinddofdtteleren.html]
[www.spellingoefenen.nl/blog/2024/verkeersregels.html]
[www.spellingoefenen.nl/blog/2024/mbo.html]
[www.spellingoefenen.nl/blog/2024/telefoonabonnement.html]
[www.spellingoefenen.nl/blog/2023/tips_dictee.html]
[www.spellingoefenen.nl/blog/2023/woordenschatvergroten.html]
[www.spellingoefenen.nl/blog/2023/voorlezen.html]
[www.spellingoefenen.nl/blog/2023/persoonlijke_aandacht.html]
[www.spellingoefenen.nl/blog/2023/jas.html]
[www.spellingoefenen.nl/blog/2023/autotheorie.html]
[www.spellingoefenen.nl/blog/2023/grammatica-tools.html]
[www.spellingoefenen.nl/blog/2023/onlinespellingoefenen.html]
[www.spellingoefenen.nl/blog/2023/pacmanspelling.html]
[www.spellingoefenen.nl/blog/2023/spellingoefenenindeauto.html]
[www.spellingoefenen.nl/blog/privacy.html]
[www.spellingoefenen.nl/blog/contact.html]
[js.spellingoefenen.nl/spellingoefenen/games/global/styles/old_game.css]
[www.spellingoefenen.nl/algemene_voorwaarden.html]
[afbeeldingen.spellingoefenen.nl/spelling_oefenen/global/highscore/popup_darkening.png]
[afbeeldingen.spellingoefenen.nl/spelling_oefenen/global/highscore/popup_bg.png]
[afbeeldingen.spellingoefenen.nl/spelling_oefenen/global/highscore/bg_popup.png]
[afbeeldingen.spellingoefenen.nl/spelling_oefenen/global/highscore/rotate_phone.gif]
[afbeeldingen.spellingoefenen.nl/spelling_oefenen/global/highscore/bg_rotate_phone.png]
[afbeeldingen.spellingoefenen.nl/spelling_oefenen/global/highscore/fullscreen_phone.gif]
[js.spellingoefenen.nl/spellingoefenen/games/styles/highscores.css]
[afbeeldingen.spellingoefenen.nl/spelling_oefenen/global/ui/bg_dark.png]
[afbeeldingen.spellingoefenen.nl/spelling_oefenen/global/bg_popup.png]
[afbeeldingen.spellingoefenen.nl/spelling_oefenen/global/bg_popup_portrait.png]
[js.spellingoefenen.nl/spellingoefenen/games/global/styles/game.css]
[www.spellingoefenen.nl/games/global/poster.html]
[afbeeldingen.spellingoefenen.nl/spelling_oefenen/platformgame/images/favicon.png]
[js.spellingoefenen.nl/spellingoefenen/games/platformgame/javascript/game.js]
[js.spellingoefenen.nl/spellingoefenen/games/platformgame/javascript/game_init.js]
[js.spellingoefenen.nl/spellingoefenen/games/platformgame/javascript/tilemaps.js]
[js.spellingoefenen.nl/spellingoefenen/games/platformgame/javascript/gameplatform.js]
[js.spellingoefenen.nl/spellingoefenen/games/platformgame/javascript/game_ani.js]
[afbeeldingen.spellingoefenen.nl/spelling_oefenen/platformgame/images/logo.png]
[www.spellingoefenen.nl/games/platformgame/index.html]
[www.spellingoefenen.nl/games/spiders/images/favicon.html]
[www.spellingoefenen.nl/games/spiders/images/logo.html]
[www.spellingoefenen.nl/games/spiders/images/button_play.html]
[www.spellingoefenen.nl/games/spiders/images/gamedesign.html]
[www.spellingoefenen.nl/blog/2024/privacy.html]
[www.spellingoefenen.nl/blog/2024/contact.html]
[www.spellingoefenen.nl/blog/2023/privacy.html]
[www.spellingoefenen.nl/blog/2023/contact.html]
[s7.addthis.com/js/300/addthis_widget.html]
